Game: VÃ¤nd-8
Players: 2
Viktoria
K11 R11 K12 R12 K13 R13
Kalle
S11 H11 S12 H12 S13 H13
Pile
H10 K10 S10 R9 H9 K9 S9 R8 H8 K8 S8 R7 H7 K7 S7 R6 H6 K6 S6 R5 H5 K5 S5 R4 H4 K4 S4 R3 H3 K3 S3 R2 H2 K2 S2 R1 H1 K1 S1
Open Pile
R10
