{
  "id": 1,
  "cards": [
    "S1",
    "S2",
    "S3",
    "S4"
  ]
}
